C:/TouchGFXProjects/led_memory_game/Core/Src/main.c:925:13:SPI5_Write	16	static
C:/TouchGFXProjects/led_memory_game/Core/Src/main.c:1037:6:StartDefaultTask	8	static
C:/TouchGFXProjects/led_memory_game/Core/Src/main.c:150:5:__io_putchar	16	static
C:/TouchGFXProjects/led_memory_game/Core/Src/main.c:269:6:SystemClock_Config	96	static
C:/TouchGFXProjects/led_memory_game/Core/Src/main.c:164:5:main	120	static
C:/TouchGFXProjects/led_memory_game/Core/Src/main.c:769:6:IOE_Init	0	static
C:/TouchGFXProjects/led_memory_game/Core/Src/main.c:778:6:IOE_ITConfig	0	static
C:/TouchGFXProjects/led_memory_game/Core/Src/main.c:790:6:IOE_Write	32	static
C:/TouchGFXProjects/led_memory_game/Core/Src/main.c:801:9:IOE_Read	32	static
C:/TouchGFXProjects/led_memory_game/Core/Src/main.c:814:10:IOE_ReadMultiple	24	static
C:/TouchGFXProjects/led_memory_game/Core/Src/main.c:823:6:IOE_Delay	0	static
C:/TouchGFXProjects/led_memory_game/Core/Src/main.c:951:6:LCD_IO_Init	8	static
C:/TouchGFXProjects/led_memory_game/Core/Src/main.c:961:6:LCD_IO_WriteData	16	static
C:/TouchGFXProjects/led_memory_game/Core/Src/main.c:977:6:LCD_IO_WriteReg	16	static
C:/TouchGFXProjects/led_memory_game/Core/Src/main.c:996:10:LCD_IO_ReadData	32	static
C:/TouchGFXProjects/led_memory_game/Core/Src/main.c:1023:6:LCD_Delay	0	static
C:/TouchGFXProjects/led_memory_game/Core/Src/main.c:1056:6:HAL_TIM_PeriodElapsedCallback	0	static
C:/TouchGFXProjects/led_memory_game/Core/Src/main.c:1073:6:Error_Handler	0	static
