../../TouchGFX/gui/include/gui/gamescreen_screen/GameScreenPresenter.hpp:32:13:GameScreenPresenter::~GameScreenPresenter()	0	static
../../TouchGFX/gui/include/gui/gamescreen_screen/GameScreenPresenter.hpp:32:13:virtual GameScreenPresenter::~GameScreenPresenter()	8	static
C:/TouchGFXProjects/led_memory_game/TouchGFX/gui/src/gamescreen_screen/GameScreenPresenter.cpp:36:6:virtual void GameScreenPresenter::turnLedOn(int)	0	static
C:/TouchGFXProjects/led_memory_game/TouchGFX/gui/src/gamescreen_screen/GameScreenPresenter.cpp:19:6:virtual void GameScreenPresenter::activate()	24	static
C:/TouchGFXProjects/led_memory_game/TouchGFX/gui/src/gamescreen_screen/GameScreenPresenter.cpp:30:6:virtual void GameScreenPresenter::deactivate()	8	static
C:/TouchGFXProjects/led_memory_game/TouchGFX/gui/src/gamescreen_screen/GameScreenPresenter.cpp:42:6:virtual void GameScreenPresenter::saveUserAnswer(int)	8	static
../../TouchGFX/gui/include/gui/gamescreen_screen/GameScreenPresenter.hpp:32:13:virtual void* GameScreenPresenter::_ZThn4_N19GameScreenPresenterD1Ev()	0	static
C:/TouchGFXProjects/led_memory_game/TouchGFX/gui/src/gamescreen_screen/GameScreenPresenter.cpp:13:1:GameScreenPresenter::GameScreenPresenter(GameScreenView&)	0	static
