../../Middlewares/ST/touchgfx/framework/include/touchgfx/Screen.hpp:104:18:virtual void touchgfx::Screen::afterTransition()	0	static
../../Middlewares/ST/touchgfx/framework/include/touchgfx/Screen.hpp:144:18:virtual void touchgfx::Screen::handleTickEvent()	0	static
../../Middlewares/ST/touchgfx/framework/include/touchgfx/Screen.hpp:154:18:virtual void touchgfx::Screen::handleKeyEvent(uint8_t)	0	static
C:/TouchGFXProjects/led_memory_game/TouchGFX/gui/src/gamescreen_screen/GameScreenView.cpp:16:6:virtual void GameScreenView::tearDownScreen()	0	static
C:/TouchGFXProjects/led_memory_game/TouchGFX/gui/src/gamescreen_screen/GameScreenView.cpp:22:6:virtual void GameScreenView::onLed1Clicked()	8	static
C:/TouchGFXProjects/led_memory_game/TouchGFX/gui/src/gamescreen_screen/GameScreenView.cpp:29:6:virtual void GameScreenView::onLed2Clicked()	8	static
C:/TouchGFXProjects/led_memory_game/TouchGFX/gui/src/gamescreen_screen/GameScreenView.cpp:36:6:virtual void GameScreenView::onLed3Clicked()	8	static
../../TouchGFX/gui/include/gui/gamescreen_screen/GameScreenView.hpp:11:13:GameScreenView::~GameScreenView()	8	static
../../TouchGFX/gui/include/gui/gamescreen_screen/GameScreenView.hpp:11:13:virtual GameScreenView::~GameScreenView()	8	static
C:/TouchGFXProjects/led_memory_game/TouchGFX/gui/src/gamescreen_screen/GameScreenView.cpp:4:1:GameScreenView::GameScreenView()	8	static
C:/TouchGFXProjects/led_memory_game/TouchGFX/gui/src/gamescreen_screen/GameScreenView.cpp:9:6:virtual void GameScreenView::setupScreen()	8	static
C:/TouchGFXProjects/led_memory_game/TouchGFX/gui/src/gamescreen_screen/GameScreenView.cpp:42:6:virtual void GameScreenView::setCorrect()	0	static
C:/TouchGFXProjects/led_memory_game/TouchGFX/gui/src/gamescreen_screen/GameScreenView.cpp:48:6:virtual void GameScreenView::setIncorrect()	0	static
