../../TouchGFX/gui/include/gui/mainscreen_screen/MainScreenPresenter.hpp:28:13:MainScreenPresenter::~MainScreenPresenter()	0	static
C:/TouchGFXProjects/led_memory_game/TouchGFX/gui/src/mainscreen_screen/MainScreenPresenter.cpp:17:6:virtual void MainScreenPresenter::activate()	0	static
../../TouchGFX/gui/include/gui/mainscreen_screen/MainScreenPresenter.hpp:28:13:virtual MainScreenPresenter::~MainScreenPresenter()	8	static
../../TouchGFX/gui/include/gui/mainscreen_screen/MainScreenPresenter.hpp:28:13:virtual void* MainScreenPresenter::_ZThn4_N19MainScreenPresenterD1Ev()	0	static
C:/TouchGFXProjects/led_memory_game/TouchGFX/gui/src/mainscreen_screen/MainScreenPresenter.cpp:11:1:MainScreenPresenter::MainScreenPresenter(MainScreenView&)	0	static
