../../Middlewares/ST/touchgfx/framework/include/touchgfx/Screen.hpp:104:18:virtual void touchgfx::Screen::afterTransition()	0	static
../../Middlewares/ST/touchgfx/framework/include/touchgfx/Screen.hpp:144:18:virtual void touchgfx::Screen::handleTickEvent()	0	static
../../Middlewares/ST/touchgfx/framework/include/touchgfx/Screen.hpp:154:18:virtual void touchgfx::Screen::handleKeyEvent(uint8_t)	0	static
C:/TouchGFXProjects/led_memory_game/TouchGFX/gui/src/mainscreen_screen/MainScreenView.cpp:14:6:virtual void MainScreenView::tearDownScreen()	0	static
../../TouchGFX/gui/include/gui/mainscreen_screen/MainScreenView.hpp:11:13:MainScreenView::~MainScreenView()	8	static
../../TouchGFX/gui/include/gui/mainscreen_screen/MainScreenView.hpp:11:13:virtual MainScreenView::~MainScreenView()	8	static
C:/TouchGFXProjects/led_memory_game/TouchGFX/gui/src/mainscreen_screen/MainScreenView.cpp:4:1:MainScreenView::MainScreenView()	8	static
C:/TouchGFXProjects/led_memory_game/TouchGFX/gui/src/mainscreen_screen/MainScreenView.cpp:9:6:virtual void MainScreenView::setupScreen()	0	static
