C:/TouchGFXProjects/led_memory_game/TouchGFX/gui/src/model/Model.cpp:11:1:Model::Model()	0	static
C:/TouchGFXProjects/led_memory_game/TouchGFX/gui/src/model/Model.cpp:16:6:void Model::tick()	0	static
C:/TouchGFXProjects/led_memory_game/TouchGFX/gui/src/model/Model.cpp:21:6:void Model::turnLedOn(int)	8	static
C:/TouchGFXProjects/led_memory_game/TouchGFX/gui/src/model/Model.cpp:62:6:bool Model::isCorrect()	8	static
C:/TouchGFXProjects/led_memory_game/TouchGFX/gui/src/model/Model.cpp:53:5:int Model::saveAnswer(int)	16	static
C:/TouchGFXProjects/led_memory_game/TouchGFX/gui/src/model/Model.cpp:72:6:bool Model::getCorrect()	0	static
C:/TouchGFXProjects/led_memory_game/TouchGFX/gui/src/model/Model.cpp:77:6:void Model::destroyGame()	16	static
C:\ST\STM32CubeIDE_1.16.0\STM32CubeIDE\plugins\com.st.stm32cube.ide.mcu.externaltools.gnu-tools-for-stm32.12.3.rel1.win32_1.0.200.202406191623\tools\bin/../lib/gcc/arm-none-eabi/12.3.1/../../../../arm-none-eabi/include/c++/12.3.1/bits/random.tcc:397:5:void std::mersenne_twister_engine<_UIntType, __w, __n, __m, __r, __a, __u, __d, __s, __b, __t, __c, __l, __f>::_M_gen_rand() [with _UIntType = unsigned int; unsigned int __w = 32; unsigned int __n = 624; unsigned int __m = 397; unsigned int __r = 31; _UIntType __a = 2567483615; unsigned int __u = 11; _UIntType __d = 4294967295; unsigned int __s = 7; _UIntType __b = 2636928640; unsigned int __t = 15; _UIntType __c = 4022730752; unsigned int __l = 18; _UIntType __f = 1812433253]	12	static
C:\ST\STM32CubeIDE_1.16.0\STM32CubeIDE\plugins\com.st.stm32cube.ide.mcu.externaltools.gnu-tools-for-stm32.12.3.rel1.win32_1.0.200.202406191623\tools\bin/../lib/gcc/arm-none-eabi/12.3.1/../../../../arm-none-eabi/include/c++/12.3.1/bits/random.tcc:453:5:std::mersenne_twister_engine<_UIntType, __w, __n, __m, __r, __a, __u, __d, __s, __b, __t, __c, __l, __f>::result_type std::mersenne_twister_engine<_UIntType, __w, __n, __m, __r, __a, __u, __d, __s, __b, __t, __c, __l, __f>::operator()() [with _UIntType = unsigned int; unsigned int __w = 32; unsigned int __n = 624; unsigned int __m = 397; unsigned int __r = 31; _UIntType __a = 2567483615; unsigned int __u = 11; _UIntType __d = 4294967295; unsigned int __s = 7; _UIntType __b = 2636928640; unsigned int __t = 15; _UIntType __c = 4022730752; unsigned int __l = 18; _UIntType __f = 1812433253]	8	static
C:/TouchGFXProjects/led_memory_game/TouchGFX/gui/src/model/Model.cpp:41:6:int* Model::setUpGame(int)	2528	static
